#-----------------------------------------------------------
# Webtalk v2018.2 (64-bit)
# SW Build 2258646 on Thu Jun 14 20:02:38 MDT 2018
# IP Build 2256618 on Thu Jun 14 22:10:49 MDT 2018
# Start of session at: Wed May 31 13:37:09 2023
# Process ID: 32825
# Current directory: /home/sfarhat/Bureau/4A/Projet_Syst-me_Info23/Microprocessor/Microprocessor.sim/sim_1/behav/xsim
# Command line: wbtcv -mode batch -source /home/sfarhat/Bureau/4A/Projet_Syst-me_Info23/Microprocessor/Microprocessor.sim/sim_1/behav/xsim/xsim.dir/MICROPROCESSOR_TEST_behav/webtalk/xsim_webtalk.tcl -notrace
# Log file: /home/sfarhat/Bureau/4A/Projet_Syst-me_Info23/Microprocessor/Microprocessor.sim/sim_1/behav/xsim/webtalk.log
# Journal file: /home/sfarhat/Bureau/4A/Projet_Syst-me_Info23/Microprocessor/Microprocessor.sim/sim_1/behav/xsim/webtalk.jou
#-----------------------------------------------------------
source /home/sfarhat/Bureau/4A/Projet_Syst-me_Info23/Microprocessor/Microprocessor.sim/sim_1/behav/xsim/xsim.dir/MICROPROCESSOR_TEST_behav/webtalk/xsim_webtalk.tcl -notrace
