#-----------------------------------------------------------
# Webtalk v2018.2 (64-bit)
# SW Build 2258646 on Thu Jun 14 20:02:38 MDT 2018
# IP Build 2256618 on Thu Jun 14 22:10:49 MDT 2018
# Start of session at: Sun May 14 13:21:39 2023
# Process ID: 217705
# Current directory: /home/sfarhat/Bureau/Automates et langage/Compilor-2.0-main/Microprocessor/Microprocessor.sim/sim_1/synth/func/xsim
# Command line: wbtcv -mode batch -source /home/sfarhat/Bureau/Automates et langage/Compilor-2.0-main/Microprocessor/Microprocessor.sim/sim_1/synth/func/xsim/xsim.dir/MICROPROCESSOR_TEST_func_synth/webtalk/xsim_webtalk.tcl -notrace
# Log file: /home/sfarhat/Bureau/Automates et langage/Compilor-2.0-main/Microprocessor/Microprocessor.sim/sim_1/synth/func/xsim/webtalk.log
# Journal file: /home/sfarhat/Bureau/Automates et langage/Compilor-2.0-main/Microprocessor/Microprocessor.sim/sim_1/synth/func/xsim/webtalk.jou
#-----------------------------------------------------------
source /home/sfarhat/Bureau/Automates -notrace
